Component: ARM Compiler 5.06 update 7 (build 960) Tool: armlink [4d3601]

==============================================================================

Small function inlining results

Inlined total of 0 calls.

==============================================================================

Image Symbol Table

    Local Symbols

    Symbol Name                              Value     Ov Type        Size  Object(Section)

    RESET                                    0x00000000   Section      192  startup_m031series.o(RESET)
    ../clib/microlib/division.c              0x00000000   Number         0  uidiv.o ABSOLUTE
    ../clib/microlib/division.c              0x00000000   Number         0  uldiv.o ABSOLUTE
    ../clib/microlib/init/entry.s            0x00000000   Number         0  entry11b.o ABSOLUTE
    ../clib/microlib/init/entry.s            0x00000000   Number         0  entry11a.o ABSOLUTE
    ../clib/microlib/init/entry.s            0x00000000   Number         0  entry10b.o ABSOLUTE
    ../clib/microlib/init/entry.s            0x00000000   Number         0  entry2.o ABSOLUTE
    ../clib/microlib/init/entry.s            0x00000000   Number         0  entry.o ABSOLUTE
    ../clib/microlib/init/entry.s            0x00000000   Number         0  entry7b.o ABSOLUTE
    ../clib/microlib/init/entry.s            0x00000000   Number         0  entry8b.o ABSOLUTE
    ../clib/microlib/init/entry.s            0x00000000   Number         0  entry10a.o ABSOLUTE
    ../clib/microlib/init/entry.s            0x00000000   Number         0  entry9b.o ABSOLUTE
    ../clib/microlib/init/entry.s            0x00000000   Number         0  entry7a.o ABSOLUTE
    ../clib/microlib/init/entry.s            0x00000000   Number         0  entry5.o ABSOLUTE
    ../clib/microlib/init/entry.s            0x00000000   Number         0  entry9a.o ABSOLUTE
    ../clib/microlib/init/entry.s            0x00000000   Number         0  entry12b.o ABSOLUTE
    ../clib/microlib/init/entry.s            0x00000000   Number         0  entry12a.o ABSOLUTE
    ../clib/microlib/init/entry.s            0x00000000   Number         0  entry8a.o ABSOLUTE
    ../clib/microlib/longlong.c              0x00000000   Number         0  llsshr.o ABSOLUTE
    ../clib/microlib/longlong.c              0x00000000   Number         0  llushr.o ABSOLUTE
    ../clib/microlib/longlong.c              0x00000000   Number         0  llshl.o ABSOLUTE
    ../clib/microlib/malloc/malloc.c         0x00000000   Number         0  malloca.o ABSOLUTE
    ../clib/microlib/malloc/malloc.c         0x00000000   Number         0  mallocr.o ABSOLUTE
    ../clib/microlib/malloc/malloc.c         0x00000000   Number         0  malloc.o ABSOLUTE
    ../clib/microlib/malloc/malloc.c         0x00000000   Number         0  mallocra.o ABSOLUTE
    ../clib/microlib/malloc/mvars.c          0x00000000   Number         0  mvars.o ABSOLUTE
    ../clib/microlib/printf/printf.c         0x00000000   Number         0  printf7.o ABSOLUTE
    ../clib/microlib/printf/printf.c         0x00000000   Number         0  printfa.o ABSOLUTE
    ../clib/microlib/printf/printf.c         0x00000000   Number         0  printf5.o ABSOLUTE
    ../clib/microlib/printf/printf.c         0x00000000   Number         0  printf4.o ABSOLUTE
    ../clib/microlib/printf/printf.c         0x00000000   Number         0  printf8.o ABSOLUTE
    ../clib/microlib/printf/printf.c         0x00000000   Number         0  printf3.o ABSOLUTE
    ../clib/microlib/printf/printf.c         0x00000000   Number         0  printf2.o ABSOLUTE
    ../clib/microlib/printf/printf.c         0x00000000   Number         0  printf1.o ABSOLUTE
    ../clib/microlib/printf/printf.c         0x00000000   Number         0  printf6.o ABSOLUTE
    ../clib/microlib/printf/printf.c         0x00000000   Number         0  printf0.o ABSOLUTE
    ../clib/microlib/printf/printf.c         0x00000000   Number         0  printfb.o ABSOLUTE
    ../clib/microlib/printf/stubs.s          0x00000000   Number         0  stubs.o ABSOLUTE
    ../clib/microlib/string/memcpy.c         0x00000000   Number         0  memcpyb.o ABSOLUTE
    ../clib/microlib/string/memcpy.c         0x00000000   Number         0  memcpya.o ABSOLUTE
    ../clib/microlib/stubs.s                 0x00000000   Number         0  iusefp.o ABSOLUTE
    ../fplib/microlib/fpadd.c                0x00000000   Number         0  dadd.o ABSOLUTE
    ../fplib/microlib/fpdiv.c                0x00000000   Number         0  ddiv.o ABSOLUTE
    ../fplib/microlib/fpepilogue.c           0x00000000   Number         0  depilogue.o ABSOLUTE
    ../fplib/microlib/fpfix.c                0x00000000   Number         0  dfixul.o ABSOLUTE
    ../fplib/microlib/fpmul.c                0x00000000   Number         0  dmul.o ABSOLUTE
    Library\Device\Nuvoton\M031\Source\ARM\startup_M031Series.s 0x00000000   Number         0  startup_m031series.o ABSOLUTE
    Library\Device\Nuvoton\M031\Source\system_M031Series.c 0x00000000   Number         0  system_m031series.o ABSOLUTE
    Library\StdDriver\src\clk.c              0x00000000   Number         0  clk.o ABSOLUTE
    Library\StdDriver\src\gpio.c             0x00000000   Number         0  gpio.o ABSOLUTE
    Library\StdDriver\src\retarget.c         0x00000000   Number         0  retarget.o ABSOLUTE
    Library\StdDriver\src\timer.c            0x00000000   Number         0  timer.o ABSOLUTE
    Library\\Device\\Nuvoton\\M031\\Source\\system_M031Series.c 0x00000000   Number         0  system_m031series.o ABSOLUTE
    Library\\StdDriver\\src\\clk.c           0x00000000   Number         0  clk.o ABSOLUTE
    Library\\StdDriver\\src\\gpio.c          0x00000000   Number         0  gpio.o ABSOLUTE
    Library\\StdDriver\\src\\retarget.c      0x00000000   Number         0  retarget.o ABSOLUTE
    Library\\StdDriver\\src\\timer.c         0x00000000   Number         0  timer.o ABSOLUTE
    cdrcmple.s                               0x00000000   Number         0  cdrcmple.o ABSOLUTE
    handlers.s                               0x00000000   Number         0  handlers.o ABSOLUTE
    init.s                                   0x00000000   Number         0  init.o ABSOLUTE
    src\\button.c                            0x00000000   Number         0  button.o ABSOLUTE
    src\\eventDriven.c                       0x00000000   Number         0  eventdriven.o ABSOLUTE
    src\\led.c                               0x00000000   Number         0  led.o ABSOLUTE
    src\\main.c                              0x00000000   Number         0  main.o ABSOLUTE
    src\\softTimer.c                         0x00000000   Number         0  softtimer.o ABSOLUTE
    src\\utils.c                             0x00000000   Number         0  utils.o ABSOLUTE
    src\button.c                             0x00000000   Number         0  button.o ABSOLUTE
    src\eventDriven.c                        0x00000000   Number         0  eventdriven.o ABSOLUTE
    src\led.c                                0x00000000   Number         0  led.o ABSOLUTE
    src\main.c                               0x00000000   Number         0  main.o ABSOLUTE
    src\softTimer.c                          0x00000000   Number         0  softtimer.o ABSOLUTE
    src\utils.c                              0x00000000   Number         0  utils.o ABSOLUTE
    .ARM.Collect$$$$00000000                 0x000000c0   Section        0  entry.o(.ARM.Collect$$$$00000000)
    .ARM.Collect$$$$00000001                 0x000000c0   Section        4  entry2.o(.ARM.Collect$$$$00000001)
    .ARM.Collect$$$$00000004                 0x000000c4   Section        4  entry5.o(.ARM.Collect$$$$00000004)
    .ARM.Collect$$$$00000008                 0x000000c8   Section        0  entry7b.o(.ARM.Collect$$$$00000008)
    .ARM.Collect$$$$0000000A                 0x000000c8   Section        0  entry8b.o(.ARM.Collect$$$$0000000A)
    .ARM.Collect$$$$0000000B                 0x000000c8   Section        8  entry9a.o(.ARM.Collect$$$$0000000B)
    .ARM.Collect$$$$0000000E                 0x000000d0   Section        4  entry12b.o(.ARM.Collect$$$$0000000E)
    .ARM.Collect$$$$0000000F                 0x000000d4   Section        0  entry10a.o(.ARM.Collect$$$$0000000F)
    .ARM.Collect$$$$00000011                 0x000000d4   Section        0  entry11a.o(.ARM.Collect$$$$00000011)
    .ARM.Collect$$$$00002712                 0x000000d4   Section        4  entry2.o(.ARM.Collect$$$$00002712)
    __lit__00000000                          0x000000d4   Data           4  entry2.o(.ARM.Collect$$$$00002712)
    .emb_text                                0x000000d8   Section       28  retarget.o(.emb_text)
    .text                                    0x000000f4   Section       92  startup_m031series.o(.text)
    Default_Handler                          0x00000125   Thumb Code     2  startup_m031series.o(.text)
    .text                                    0x00000150   Section        0  uidiv.o(.text)
    .text                                    0x0000017c   Section        0  memcpya.o(.text)
    .text                                    0x000001a0   Section        0  uldiv.o(.text)
    .text                                    0x00000200   Section       36  init.o(.text)
    .text                                    0x00000224   Section        0  llshl.o(.text)
    .text                                    0x00000244   Section        0  llushr.o(.text)
    i.CLK_EnableModuleClock                  0x00000268   Section        0  clk.o(i.CLK_EnableModuleClock)
    i.CLK_EnableXtalRC                       0x00000298   Section        0  clk.o(i.CLK_EnableXtalRC)
    i.CLK_GetPCLK0Freq                       0x000002a8   Section        0  clk.o(i.CLK_GetPCLK0Freq)
    i.CLK_GetPCLK1Freq                       0x000002c8   Section        0  clk.o(i.CLK_GetPCLK1Freq)
    i.CLK_SetHCLK                            0x000002e8   Section        0  clk.o(i.CLK_SetHCLK)
    i.CLK_SetModuleClock                     0x00000338   Section        0  clk.o(i.CLK_SetModuleClock)
    i.CLK_SysTickDelay                       0x000003a8   Section        0  led.o(i.CLK_SysTickDelay)
    CLK_SysTickDelay                         0x000003a9   Thumb Code    52  led.o(i.CLK_SysTickDelay)
    i.CLK_WaitClockReady                     0x000003e8   Section        0  clk.o(i.CLK_WaitClockReady)
    i.GPIO_Init                              0x00000428   Section        0  utils.o(i.GPIO_Init)
    i.GPIO_SetMode                           0x00000450   Section        0  gpio.o(i.GPIO_SetMode)
    i.Hard_Fault_Handler                     0x00000478   Section        0  retarget.o(i.Hard_Fault_Handler)
    __tagsym$$used                           0x00000479   Number         0  retarget.o(i.Hard_Fault_Handler)
    i.SYS_Init                               0x000004a0   Section        0  utils.o(i.SYS_Init)
    i.SendChar                               0x00000528   Section        0  retarget.o(i.SendChar)
    SendChar                                 0x00000529   Thumb Code    26  retarget.o(i.SendChar)
    i.SoftTimer_GetTimerStatus               0x00000548   Section        0  softtimer.o(i.SoftTimer_GetTimerStatus)
    i.SoftTimer_ISR                          0x00000558   Section        0  softtimer.o(i.SoftTimer_ISR)
    i.SoftTimer_Init                         0x00000594   Section        0  softtimer.o(i.SoftTimer_Init)
    i.SoftTimer_ResetTimer                   0x000005b4   Section        0  softtimer.o(i.SoftTimer_ResetTimer)
    i.SoftTimer_SetTimer                     0x000005cc   Section        0  softtimer.o(i.SoftTimer_SetTimer)
    i.SystemCoreClockUpdate                  0x000005ec   Section        0  system_m031series.o(i.SystemCoreClockUpdate)
    i.SystemInit                             0x00000680   Section        0  system_m031series.o(i.SystemInit)
    i.TIMER_GetModuleClock                   0x000006b8   Section        0  timer.o(i.TIMER_GetModuleClock)
    i.TIMER_Open                             0x00000728   Section        0  timer.o(i.TIMER_Open)
    i.TMR1_IRQHandler                        0x00000768   Section        0  utils.o(i.TMR1_IRQHandler)
    i.Timer_Init                             0x00000784   Section        0  utils.o(i.Timer_Init)
    i.__0printf$5                            0x000007b4   Section        0  printf5.o(i.__0printf$5)
    i.__scatterload_copy                     0x000007d4   Section       14  handlers.o(i.__scatterload_copy)
    i.__scatterload_null                     0x000007e2   Section        2  handlers.o(i.__scatterload_null)
    i.__scatterload_zeroinit                 0x000007e4   Section       14  handlers.o(i.__scatterload_zeroinit)
    i._printf_core                           0x000007f4   Section        0  printf5.o(i._printf_core)
    _printf_core                             0x000007f5   Thumb Code   680  printf5.o(i._printf_core)
    i.blink                                  0x00000ac8   Section        0  led.o(i.blink)
    i.button_Get_Status                      0x00000afc   Section        0  button.o(i.button_Get_Status)
    i.dequeue                                0x00000b7c   Section        0  eventdriven.o(i.dequeue)
    i.enqueue                                0x00000bbc   Section        0  eventdriven.o(i.enqueue)
    i.fputc                                  0x00000bf4   Section        0  retarget.o(i.fputc)
    i.free                                   0x00000c00   Section        0  malloc.o(i.free)
    i.long_press_state                       0x00000c54   Section        0  led.o(i.long_press_state)
    i.main                                   0x00000c6c   Section        0  main.o(i.main)
    i.malloc                                 0x00000ca0   Section        0  malloc.o(i.malloc)
    i.short_press_state                      0x00000d0c   Section        0  led.o(i.short_press_state)
    i.stackDump                              0x00000d24   Section        0  retarget.o(i.stackDump)
    stackDump                                0x00000d25   Thumb Code    70  retarget.o(i.stackDump)
    .constdata                               0x00000dcc   Section       32  system_m031series.o(.constdata)
    .constdata                               0x00000dec   Section       56  clk.o(.constdata)
    .constdata                               0x00000e24   Section       32  timer.o(.constdata)
    .data                                    0x20000000   Section       12  system_m031series.o(.data)
    .data                                    0x2000000c   Section        4  clk.o(.data)
    .data                                    0x20000010   Section        4  retarget.o(.data)
    .data                                    0x20000014   Section        8  button.o(.data)
    lastButtonState                          0x20000014   Data           4  button.o(.data)
    buttonState                              0x20000018   Data           4  button.o(.data)
    .data                                    0x2000001c   Section        8  eventdriven.o(.data)
    .data                                    0x20000024   Section        4  mvars.o(.data)
    .data                                    0x20000028   Section        4  mvars.o(.data)
    .bss                                     0x2000002c   Section       24  softtimer.o(.bss)
    SoftTimers                               0x2000002c   Data          24  softtimer.o(.bss)
    HEAP                                     0x20000048   Section        0  startup_m031series.o(HEAP)
    STACK                                    0x20000048   Section      512  startup_m031series.o(STACK)

    Global Symbols

    Symbol Name                              Value     Ov Type        Size  Object(Section)

    BuildAttributes$$THM_ISAv3M$S$PE$A:L22$X:L11$S22$IEEE1$IW$USESV6$~STKCKD$USESV7$~SHL$OSPACE$ROPI$EBA8$MICROLIB$REQ8$PRES8$EABIv2 0x00000000   Number         0  anon$$obj.o ABSOLUTE
    __ARM_use_no_argv                        0x00000000   Number         0  main.o ABSOLUTE
    __Vectors                                0x00000000   Data           4  startup_m031series.o(RESET)
    _printf_a                                0x00000000   Number         0  stubs.o ABSOLUTE
    _printf_c                                0x00000000   Number         0  stubs.o ABSOLUTE
    _printf_charcount                        0x00000000   Number         0  stubs.o ABSOLUTE
    _printf_d                                0x00000000   Number         0  stubs.o ABSOLUTE
    _printf_e                                0x00000000   Number         0  stubs.o ABSOLUTE
    _printf_f                                0x00000000   Number         0  stubs.o ABSOLUTE
    _printf_flags                            0x00000000   Number         0  stubs.o ABSOLUTE
    _printf_fp_dec                           0x00000000   Number         0  stubs.o ABSOLUTE
    _printf_fp_hex                           0x00000000   Number         0  stubs.o ABSOLUTE
    _printf_g                                0x00000000   Number         0  stubs.o ABSOLUTE
    _printf_i                                0x00000000   Number         0  stubs.o ABSOLUTE
    _printf_int_dec                          0x00000000   Number         0  stubs.o ABSOLUTE
    _printf_l                                0x00000000   Number         0  stubs.o ABSOLUTE
    _printf_lc                               0x00000000   Number         0  stubs.o ABSOLUTE
    _printf_ll                               0x00000000   Number         0  stubs.o ABSOLUTE
    _printf_lld                              0x00000000   Number         0  stubs.o ABSOLUTE
    _printf_lli                              0x00000000   Number         0  stubs.o ABSOLUTE
    _printf_llo                              0x00000000   Number         0  stubs.o ABSOLUTE
    _printf_llu                              0x00000000   Number         0  stubs.o ABSOLUTE
    _printf_llx                              0x00000000   Number         0  stubs.o ABSOLUTE
    _printf_longlong_dec                     0x00000000   Number         0  stubs.o ABSOLUTE
    _printf_longlong_hex                     0x00000000   Number         0  stubs.o ABSOLUTE
    _printf_longlong_oct                     0x00000000   Number         0  stubs.o ABSOLUTE
    _printf_ls                               0x00000000   Number         0  stubs.o ABSOLUTE
    _printf_mbtowc                           0x00000000   Number         0  stubs.o ABSOLUTE
    _printf_n                                0x00000000   Number         0  stubs.o ABSOLUTE
    _printf_o                                0x00000000   Number         0  stubs.o ABSOLUTE
    _printf_p                                0x00000000   Number         0  stubs.o ABSOLUTE
    _printf_percent                          0x00000000   Number         0  stubs.o ABSOLUTE
    _printf_pre_padding                      0x00000000   Number         0  stubs.o ABSOLUTE
    _printf_return_value                     0x00000000   Number         0  stubs.o ABSOLUTE
    _printf_s                                0x00000000   Number         0  stubs.o ABSOLUTE
    _printf_sizespec                         0x00000000   Number         0  stubs.o ABSOLUTE
    _printf_str                              0x00000000   Number         0  stubs.o ABSOLUTE
    _printf_truncate_signed                  0x00000000   Number         0  stubs.o ABSOLUTE
    _printf_truncate_unsigned                0x00000000   Number         0  stubs.o ABSOLUTE
    _printf_u                                0x00000000   Number         0  stubs.o ABSOLUTE
    _printf_wc                               0x00000000   Number         0  stubs.o ABSOLUTE
    _printf_wctomb                           0x00000000   Number         0  stubs.o ABSOLUTE
    _printf_widthprec                        0x00000000   Number         0  stubs.o ABSOLUTE
    _printf_x                                0x00000000   Number         0  stubs.o ABSOLUTE
    __arm_fini_                               - Undefined Weak Reference
    __cpp_initialize__aeabi_                  - Undefined Weak Reference
    __cxa_finalize                            - Undefined Weak Reference
    __decompress                              - Undefined Weak Reference
    _clock_init                               - Undefined Weak Reference
    _microlib_exit                            - Undefined Weak Reference
    __main                                   0x000000c1   Thumb Code     0  entry.o(.ARM.Collect$$$$00000000)
    _main_stk                                0x000000c1   Thumb Code     0  entry2.o(.ARM.Collect$$$$00000001)
    _main_scatterload                        0x000000c5   Thumb Code     0  entry5.o(.ARM.Collect$$$$00000004)
    __main_after_scatterload                 0x000000c9   Thumb Code     0  entry5.o(.ARM.Collect$$$$00000004)
    _main_clock                              0x000000c9   Thumb Code     0  entry7b.o(.ARM.Collect$$$$00000008)
    _main_cpp_init                           0x000000c9   Thumb Code     0  entry8b.o(.ARM.Collect$$$$0000000A)
    _main_init                               0x000000c9   Thumb Code     0  entry9a.o(.ARM.Collect$$$$0000000B)
    __rt_lib_shutdown_fini                   0x000000d1   Thumb Code     0  entry12b.o(.ARM.Collect$$$$0000000E)
    __rt_final_cpp                           0x000000d5   Thumb Code     0  entry10a.o(.ARM.Collect$$$$0000000F)
    __rt_final_exit                          0x000000d5   Thumb Code     0  entry11a.o(.ARM.Collect$$$$00000011)
    HardFault_Handler                        0x000000d9   Thumb Code    24  retarget.o(.emb_text)
    Reset_Handler                            0x000000f5   Thumb Code    38  startup_m031series.o(.text)
    NMI_Handler                              0x0000011b   Thumb Code     2  startup_m031series.o(.text)
    SVC_Handler                              0x0000011f   Thumb Code     2  startup_m031series.o(.text)
    PendSV_Handler                           0x00000121   Thumb Code     2  startup_m031series.o(.text)
    SysTick_Handler                          0x00000123   Thumb Code     2  startup_m031series.o(.text)
    ACMP01_IRQHandler                        0x00000125   Thumb Code     0  startup_m031series.o(.text)
    ADC_IRQHandler                           0x00000125   Thumb Code     0  startup_m031series.o(.text)
    BOD_IRQHandler                           0x00000125   Thumb Code     0  startup_m031series.o(.text)
    BPWM0_IRQHandler                         0x00000125   Thumb Code     0  startup_m031series.o(.text)
    BPWM1_IRQHandler                         0x00000125   Thumb Code     0  startup_m031series.o(.text)
    CKFAIL_IRQHandler                        0x00000125   Thumb Code     0  startup_m031series.o(.text)
    EINT024_IRQHandler                       0x00000125   Thumb Code     0  startup_m031series.o(.text)
    EINT135_IRQHandler                       0x00000125   Thumb Code     0  startup_m031series.o(.text)
    GPABGH_IRQHandler                        0x00000125   Thumb Code     0  startup_m031series.o(.text)
    GPCDEF_IRQHandler                        0x00000125   Thumb Code     0  startup_m031series.o(.text)
    I2C0_IRQHandler                          0x00000125   Thumb Code     0  startup_m031series.o(.text)
    I2C1_IRQHandler                          0x00000125   Thumb Code     0  startup_m031series.o(.text)
    ISP_IRQHandler                           0x00000125   Thumb Code     0  startup_m031series.o(.text)
    PDMA_IRQHandler                          0x00000125   Thumb Code     0  startup_m031series.o(.text)
    PWM0_IRQHandler                          0x00000125   Thumb Code     0  startup_m031series.o(.text)
    PWM1_IRQHandler                          0x00000125   Thumb Code     0  startup_m031series.o(.text)
    PWRWU_IRQHandler                         0x00000125   Thumb Code     0  startup_m031series.o(.text)
    QSPI0_IRQHandler                         0x00000125   Thumb Code     0  startup_m031series.o(.text)
    RTC_IRQHandler                           0x00000125   Thumb Code     0  startup_m031series.o(.text)
    SPI0_IRQHandler                          0x00000125   Thumb Code     0  startup_m031series.o(.text)
    TMR0_IRQHandler                          0x00000125   Thumb Code     0  startup_m031series.o(.text)
    TMR2_IRQHandler                          0x00000125   Thumb Code     0  startup_m031series.o(.text)
    TMR3_IRQHandler                          0x00000125   Thumb Code     0  startup_m031series.o(.text)
    UART02_IRQHandler                        0x00000125   Thumb Code     0  startup_m031series.o(.text)
    UART13_IRQHandler                        0x00000125   Thumb Code     0  startup_m031series.o(.text)
    UART46_IRQHandler                        0x00000125   Thumb Code     0  startup_m031series.o(.text)
    UART57_IRQHandler                        0x00000125   Thumb Code     0  startup_m031series.o(.text)
    USBD_IRQHandler                          0x00000125   Thumb Code     0  startup_m031series.o(.text)
    USCI01_IRQHandler                        0x00000125   Thumb Code     0  startup_m031series.o(.text)
    WDT_IRQHandler                           0x00000125   Thumb Code     0  startup_m031series.o(.text)
    __aeabi_uidiv                            0x00000151   Thumb Code     0  uidiv.o(.text)
    __aeabi_uidivmod                         0x00000151   Thumb Code    44  uidiv.o(.text)
    __aeabi_memcpy                           0x0000017d   Thumb Code    36  memcpya.o(.text)
    __aeabi_memcpy4                          0x0000017d   Thumb Code     0  memcpya.o(.text)
    __aeabi_memcpy8                          0x0000017d   Thumb Code     0  memcpya.o(.text)
    __aeabi_uldivmod                         0x000001a1   Thumb Code    96  uldiv.o(.text)
    __scatterload                            0x00000201   Thumb Code    28  init.o(.text)
    __scatterload_rt2                        0x00000201   Thumb Code     0  init.o(.text)
    __aeabi_llsl                             0x00000225   Thumb Code    32  llshl.o(.text)
    _ll_shift_l                              0x00000225   Thumb Code     0  llshl.o(.text)
    __aeabi_llsr                             0x00000245   Thumb Code    34  llushr.o(.text)
    _ll_ushift_r                             0x00000245   Thumb Code     0  llushr.o(.text)
    CLK_EnableModuleClock                    0x00000269   Thumb Code    40  clk.o(i.CLK_EnableModuleClock)
    CLK_EnableXtalRC                         0x00000299   Thumb Code    10  clk.o(i.CLK_EnableXtalRC)
    CLK_GetPCLK0Freq                         0x000002a9   Thumb Code    22  clk.o(i.CLK_GetPCLK0Freq)
    CLK_GetPCLK1Freq                         0x000002c9   Thumb Code    22  clk.o(i.CLK_GetPCLK1Freq)
    CLK_SetHCLK                              0x000002e9   Thumb Code    76  clk.o(i.CLK_SetHCLK)
    CLK_SetModuleClock                       0x00000339   Thumb Code   102  clk.o(i.CLK_SetModuleClock)
    CLK_WaitClockReady                       0x000003e9   Thumb Code    52  clk.o(i.CLK_WaitClockReady)
    GPIO_Init                                0x00000429   Thumb Code    32  utils.o(i.GPIO_Init)
    GPIO_SetMode                             0x00000451   Thumb Code    40  gpio.o(i.GPIO_SetMode)
    Hard_Fault_Handler                       0x00000479   Thumb Code    16  retarget.o(i.Hard_Fault_Handler)
    SYS_Init                                 0x000004a1   Thumb Code   124  utils.o(i.SYS_Init)
    SoftTimer_GetTimerStatus                 0x00000549   Thumb Code    12  softtimer.o(i.SoftTimer_GetTimerStatus)
    SoftTimer_ISR                            0x00000559   Thumb Code    54  softtimer.o(i.SoftTimer_ISR)
    SoftTimer_Init                           0x00000595   Thumb Code    28  softtimer.o(i.SoftTimer_Init)
    SoftTimer_ResetTimer                     0x000005b5   Thumb Code    18  softtimer.o(i.SoftTimer_ResetTimer)
    SoftTimer_SetTimer                       0x000005cd   Thumb Code    28  softtimer.o(i.SoftTimer_SetTimer)
    SystemCoreClockUpdate                    0x000005ed   Thumb Code   120  system_m031series.o(i.SystemCoreClockUpdate)
    SystemInit                               0x00000681   Thumb Code    46  system_m031series.o(i.SystemInit)
    TIMER_GetModuleClock                     0x000006b9   Thumb Code    96  timer.o(i.TIMER_GetModuleClock)
    TIMER_Open                               0x00000729   Thumb Code    64  timer.o(i.TIMER_Open)
    TMR1_IRQHandler                          0x00000769   Thumb Code    22  utils.o(i.TMR1_IRQHandler)
    Timer_Init                               0x00000785   Thumb Code    38  utils.o(i.Timer_Init)
    __0printf$5                              0x000007b5   Thumb Code    24  printf5.o(i.__0printf$5)
    __1printf$5                              0x000007b5   Thumb Code     0  printf5.o(i.__0printf$5)
    __2printf                                0x000007b5   Thumb Code     0  printf5.o(i.__0printf$5)
    __scatterload_copy                       0x000007d5   Thumb Code    14  handlers.o(i.__scatterload_copy)
    __scatterload_null                       0x000007e3   Thumb Code     2  handlers.o(i.__scatterload_null)
    __scatterload_zeroinit                   0x000007e5   Thumb Code    14  handlers.o(i.__scatterload_zeroinit)
    blink                                    0x00000ac9   Thumb Code    46  led.o(i.blink)
    button_Get_Status                        0x00000afd   Thumb Code   118  button.o(i.button_Get_Status)
    dequeue                                  0x00000b7d   Thumb Code    42  eventdriven.o(i.dequeue)
    enqueue                                  0x00000bbd   Thumb Code    50  eventdriven.o(i.enqueue)
    fputc                                    0x00000bf5   Thumb Code    12  retarget.o(i.fputc)
    free                                     0x00000c01   Thumb Code    80  malloc.o(i.free)
    long_press_state                         0x00000c55   Thumb Code    24  led.o(i.long_press_state)
    main                                     0x00000c6d   Thumb Code    52  main.o(i.main)
    malloc                                   0x00000ca1   Thumb Code    92  malloc.o(i.malloc)
    short_press_state                        0x00000d0d   Thumb Code    24  led.o(i.short_press_state)
    gau32ClkSrcTbl                           0x00000dcc   Data          32  system_m031series.o(.constdata)
    Region$$Table$$Base                      0x00000e44   Number         0  anon$$obj.o(Region$$Table)
    Region$$Table$$Limit                     0x00000e64   Number         0  anon$$obj.o(Region$$Table)
    SystemCoreClock                          0x20000000   Data           4  system_m031series.o(.data)
    CyclesPerUs                              0x20000004   Data           4  system_m031series.o(.data)
    PllClock                                 0x20000008   Data           4  system_m031series.o(.data)
    g_CLK_i32ErrCode                         0x2000000c   Data           4  clk.o(.data)
    __stdout                                 0x20000010   Data           4  retarget.o(.data)
    front                                    0x2000001c   Data           4  eventdriven.o(.data)
    rear                                     0x20000020   Data           4  eventdriven.o(.data)
    __microlib_freelist                      0x20000024   Data           4  mvars.o(.data)
    __microlib_freelist_initialised          0x20000028   Data           4  mvars.o(.data)
    __heap_base                              0x20000048   Data           0  startup_m031series.o(HEAP)
    __heap_limit                             0x20000048   Data           0  startup_m031series.o(HEAP)
    __initial_sp                             0x20000248   Data           0  startup_m031series.o(STACK)



==============================================================================

Memory Map of the image

  Image Entry point : 0x000000f5

  Load Region LR_1 (Base: 0x00000000, Size: 0x00000e90, Max: 0xffffffff, ABSOLUTE)

    Execution Region ER_RO (Exec base: 0x00000000, Load base: 0x00000000, Size: 0x00000e64, Max: 0xffffffff, ABSOLUTE)

    Exec Addr    Load Addr    Size         Type   Attr      Idx    E Section Name        Object

    0x00000000   0x00000000   0x000000c0   Data   RO          213    RESET               startup_m031series.o
    0x000000c0   0x000000c0   0x00000000   Code   RO          841  * .ARM.Collect$$$$00000000  mc_p.l(entry.o)
    0x000000c0   0x000000c0   0x00000004   Code   RO         1137    .ARM.Collect$$$$00000001  mc_p.l(entry2.o)
    0x000000c4   0x000000c4   0x00000004   Code   RO         1140    .ARM.Collect$$$$00000004  mc_p.l(entry5.o)
    0x000000c8   0x000000c8   0x00000000   Code   RO         1142    .ARM.Collect$$$$00000008  mc_p.l(entry7b.o)
    0x000000c8   0x000000c8   0x00000000   Code   RO         1144    .ARM.Collect$$$$0000000A  mc_p.l(entry8b.o)
    0x000000c8   0x000000c8   0x00000008   Code   RO         1145    .ARM.Collect$$$$0000000B  mc_p.l(entry9a.o)
    0x000000d0   0x000000d0   0x00000004   Code   RO         1152    .ARM.Collect$$$$0000000E  mc_p.l(entry12b.o)
    0x000000d4   0x000000d4   0x00000000   Code   RO         1147    .ARM.Collect$$$$0000000F  mc_p.l(entry10a.o)
    0x000000d4   0x000000d4   0x00000000   Code   RO         1149    .ARM.Collect$$$$00000011  mc_p.l(entry11a.o)
    0x000000d4   0x000000d4   0x00000004   Code   RO         1138    .ARM.Collect$$$$00002712  mc_p.l(entry2.o)
    0x000000d8   0x000000d8   0x0000001c   Code   RO          392    .emb_text           retarget.o
    0x000000f4   0x000000f4   0x0000005c   Code   RO          214  * .text               startup_m031series.o
    0x00000150   0x00000150   0x0000002c   Code   RO          842    .text               mc_p.l(uidiv.o)
    0x0000017c   0x0000017c   0x00000024   Code   RO          844    .text               mc_p.l(memcpya.o)
    0x000001a0   0x000001a0   0x00000060   Code   RO         1153    .text               mc_p.l(uldiv.o)
    0x00000200   0x00000200   0x00000024   Code   RO         1168    .text               mc_p.l(init.o)
    0x00000224   0x00000224   0x00000020   Code   RO         1170    .text               mc_p.l(llshl.o)
    0x00000244   0x00000244   0x00000022   Code   RO         1172    .text               mc_p.l(llushr.o)
    0x00000266   0x00000266   0x00000002   PAD
    0x00000268   0x00000268   0x00000030   Code   RO          226    i.CLK_EnableModuleClock  clk.o
    0x00000298   0x00000298   0x00000010   Code   RO          229    i.CLK_EnableXtalRC  clk.o
    0x000002a8   0x000002a8   0x00000020   Code   RO          234    i.CLK_GetPCLK0Freq  clk.o
    0x000002c8   0x000002c8   0x00000020   Code   RO          235    i.CLK_GetPCLK1Freq  clk.o
    0x000002e8   0x000002e8   0x00000050   Code   RO          239    i.CLK_SetHCLK       clk.o
    0x00000338   0x00000338   0x00000070   Code   RO          240    i.CLK_SetModuleClock  clk.o
    0x000003a8   0x000003a8   0x00000040   Code   RO          682    i.CLK_SysTickDelay  led.o
    0x000003e8   0x000003e8   0x00000040   Code   RO          242    i.CLK_WaitClockReady  clk.o
    0x00000428   0x00000428   0x00000028   Code   RO          770    i.GPIO_Init         utils.o
    0x00000450   0x00000450   0x00000028   Code   RO          476    i.GPIO_SetMode      gpio.o
    0x00000478   0x00000478   0x00000028   Code   RO          393    i.Hard_Fault_Handler  retarget.o
    0x000004a0   0x000004a0   0x00000088   Code   RO          771    i.SYS_Init          utils.o
    0x00000528   0x00000528   0x00000020   Code   RO          395    i.SendChar          retarget.o
    0x00000548   0x00000548   0x00000010   Code   RO          723    i.SoftTimer_GetTimerStatus  softtimer.o
    0x00000558   0x00000558   0x0000003c   Code   RO          724    i.SoftTimer_ISR     softtimer.o
    0x00000594   0x00000594   0x00000020   Code   RO          725    i.SoftTimer_Init    softtimer.o
    0x000005b4   0x000005b4   0x00000018   Code   RO          726    i.SoftTimer_ResetTimer  softtimer.o
    0x000005cc   0x000005cc   0x00000020   Code   RO          727    i.SoftTimer_SetTimer  softtimer.o
    0x000005ec   0x000005ec   0x00000094   Code   RO            3    i.SystemCoreClockUpdate  system_m031series.o
    0x00000680   0x00000680   0x00000038   Code   RO            4    i.SystemInit        system_m031series.o
    0x000006b8   0x000006b8   0x00000070   Code   RO          515    i.TIMER_GetModuleClock  timer.o
    0x00000728   0x00000728   0x00000040   Code   RO          516    i.TIMER_Open        timer.o
    0x00000768   0x00000768   0x0000001c   Code   RO          772    i.TMR1_IRQHandler   utils.o
    0x00000784   0x00000784   0x00000030   Code   RO          773    i.Timer_Init        utils.o
    0x000007b4   0x000007b4   0x00000020   Code   RO          981    i.__0printf$5       mc_p.l(printf5.o)
    0x000007d4   0x000007d4   0x0000000e   Code   RO         1182    i.__scatterload_copy  mc_p.l(handlers.o)
    0x000007e2   0x000007e2   0x00000002   Code   RO         1183    i.__scatterload_null  mc_p.l(handlers.o)
    0x000007e4   0x000007e4   0x0000000e   Code   RO         1184    i.__scatterload_zeroinit  mc_p.l(handlers.o)
    0x000007f2   0x000007f2   0x00000002   PAD
    0x000007f4   0x000007f4   0x000002d4   Code   RO          988    i._printf_core      mc_p.l(printf5.o)
    0x00000ac8   0x00000ac8   0x00000034   Code   RO          683    i.blink             led.o
    0x00000afc   0x00000afc   0x00000080   Code   RO          650    i.button_Get_Status  button.o
    0x00000b7c   0x00000b7c   0x00000040   Code   RO          814    i.dequeue           eventdriven.o
    0x00000bbc   0x00000bbc   0x00000038   Code   RO          815    i.enqueue           eventdriven.o
    0x00000bf4   0x00000bf4   0x0000000c   Code   RO          399    i.fputc             retarget.o
    0x00000c00   0x00000c00   0x00000054   Code   RO         1109    i.free              mc_p.l(malloc.o)
    0x00000c54   0x00000c54   0x00000018   Code   RO          684    i.long_press_state  led.o
    0x00000c6c   0x00000c6c   0x00000034   Code   RO          605    i.main              main.o
    0x00000ca0   0x00000ca0   0x0000006c   Code   RO         1110    i.malloc            mc_p.l(malloc.o)
    0x00000d0c   0x00000d0c   0x00000018   Code   RO          685    i.short_press_state  led.o
    0x00000d24   0x00000d24   0x000000a8   Code   RO          401    i.stackDump         retarget.o
    0x00000dcc   0x00000dcc   0x00000020   Data   RO            5    .constdata          system_m031series.o
    0x00000dec   0x00000dec   0x00000038   Data   RO          243    .constdata          clk.o
    0x00000e24   0x00000e24   0x00000020   Data   RO          520    .constdata          timer.o
    0x00000e44   0x00000e44   0x00000020   Data   RO         1180    Region$$Table       anon$$obj.o


    Execution Region ER_RW (Exec base: 0x20000000, Load base: 0x00000e64, Size: 0x0000002c, Max: 0xffffffff, ABSOLUTE)

    Exec Addr    Load Addr    Size         Type   Attr      Idx    E Section Name        Object

    0x20000000   0x00000e64   0x0000000c   Data   RW            6    .data               system_m031series.o
    0x2000000c   0x00000e70   0x00000004   Data   RW          244    .data               clk.o
    0x20000010   0x00000e74   0x00000004   Data   RW          402    .data               retarget.o
    0x20000014   0x00000e78   0x00000008   Data   RW          652    .data               button.o
    0x2000001c   0x00000e80   0x00000008   Data   RW          816    .data               eventdriven.o
    0x20000024   0x00000e88   0x00000004   Data   RW         1155    .data               mc_p.l(mvars.o)
    0x20000028   0x00000e8c   0x00000004   Data   RW         1156    .data               mc_p.l(mvars.o)


    Execution Region ER_ZI (Exec base: 0x2000002c, Load base: 0x00000e90, Size: 0x0000021c, Max: 0xffffffff, ABSOLUTE)

    Exec Addr    Load Addr    Size         Type   Attr      Idx    E Section Name        Object

    0x2000002c        -       0x00000018   Zero   RW          728    .bss                softtimer.o
    0x20000044   0x00000e90   0x00000004   PAD
    0x20000048        -       0x00000000   Zero   RW          212    HEAP                startup_m031series.o
    0x20000048        -       0x00000200   Zero   RW          211    STACK               startup_m031series.o


==============================================================================

Image component sizes


      Code (inc. data)   RO Data    RW Data    ZI Data      Debug   Object Name

       128         10          0          8          0        916   button.o
       384         60         56          4          0       4316   clk.o
       120         28          0          8          0       1389   eventdriven.o
        40          0          0          0          0        907   gpio.o
       164         18          0          0          0       1911   led.o
        52          0          0          0          0       1191   main.o
       280        132          0          4          0       4331   retarget.o
       164         24          0          0         24       2852   softtimer.o
        92         42        192          0        512        672   startup_m031series.o
       204         38         32         12          0     106434   system_m031series.o
       176         16         32          0          0       1872   timer.o
       252         36          0          0          0      11890   utils.o

    ----------------------------------------------------------------------
      2056        404        344         36        540     138681   Object Totals
         0          0         32          0          0          0   (incl. Generated)
         0          0          0          0          4          0   (incl. Padding)

    ----------------------------------------------------------------------

      Code (inc. data)   RO Data    RW Data    ZI Data      Debug   Library Member Name

         0          0          0          0          0          0   entry.o
         0          0          0          0          0          0   entry10a.o
         0          0          0          0          0          0   entry11a.o
         4          0          0          0          0          0   entry12b.o
         8          4          0          0          0          0   entry2.o
         4          0          0          0          0          0   entry5.o
         0          0          0          0          0          0   entry7b.o
         0          0          0          0          0          0   entry8b.o
         8          4          0          0          0          0   entry9a.o
        30          0          0          0          0          0   handlers.o
        36          8          0          0          0         68   init.o
        32          0          0          0          0         68   llshl.o
        34          0          0          0          0         68   llushr.o
       192         20          0          0          0        144   malloc.o
        36          0          0          0          0         60   memcpya.o
         0          0          0          8          0          0   mvars.o
       756         52          0          0          0        168   printf5.o
        44          0          0          0          0         72   uidiv.o
        96          0          0          0          0         84   uldiv.o

    ----------------------------------------------------------------------
      1284         88          0          8          0        732   Library Totals
         4          0          0          0          0          0   (incl. Padding)

    ----------------------------------------------------------------------

      Code (inc. data)   RO Data    RW Data    ZI Data      Debug   Library Name

      1280         88          0          8          0        732   mc_p.l

    ----------------------------------------------------------------------
      1284         88          0          8          0        732   Library Totals

    ----------------------------------------------------------------------

==============================================================================


      Code (inc. data)   RO Data    RW Data    ZI Data      Debug   

      3340        492        344         44        540     137841   Grand Totals
      3340        492        344         44        540     137841   ELF Image Totals
      3340        492        344         44          0          0   ROM Totals

==============================================================================

    Total RO  Size (Code + RO Data)                 3684 (   3.60kB)
    Total RW  Size (RW Data + ZI Data)               584 (   0.57kB)
    Total ROM Size (Code + RO Data + RW Data)       3728 (   3.64kB)

==============================================================================

