<html>
<body>
<pre>
<h1>µVision Build Log</h1>
<h2>Tool Versions:</h2>
IDE-Version: µVision V5.36.0.0
Copyright (C) 2021 ARM Ltd and ARM Germany GmbH. All rights reserved.
License Information: Bünyamin Buðra KORKMAZER, Konsens Teknoloji, LIC=----
 
Tool Versions:
Toolchain:       MDK-Lite  Version: 5.36.0.0
Toolchain Path:  C:\Keil_v5\ARM\ARMCC\Bin
C Compiler:      Armcc.exe V5.06 update 7 (build 960)
Assembler:       Armasm.exe V5.06 update 7 (build 960)
Linker/Locator:  ArmLink.exe V5.06 update 7 (build 960)
Library Manager: ArmAr.exe V5.06 update 7 (build 960)
Hex Converter:   FromElf.exe V5.06 update 7 (build 960)
CPU DLL:         SARMCM3.DLL V5.36.0.0
Dialog DLL:      DARMCM1.DLL V1.19.4.0
Target DLL:      NULink\Nu_Link.dll V3.10
Dialog DLL:      TARMCM1.DLL V1.14.4.0
 
<h2>Project:</h2>
D:\Project Files\Event-Driven-Technique\EAE_Group.uvprojx
Project File Date:  06/17/2023

<h2>Output:</h2>
*** Using Compiler 'V5.06 update 7 (build 960)', folder: 'C:\Keil_v5\ARM\ARMCC\Bin'
Build target 'Main Target'
creating preprocessor file for system_M031Series.c...
creating preprocessor file for gpio.c...
creating preprocessor file for clk.c...
creating preprocessor file for retarget.c...
creating preprocessor file for main.c...
creating preprocessor file for timer.c...
creating preprocessor file for button.c...
creating preprocessor file for led.c...
creating preprocessor file for softTimer.c...
compiling main.c...
compiling button.c...
compiling led.c...
creating preprocessor file for utils.c...
creating preprocessor file for eventDriven.c...
compiling softTimer.c...
compiling utils.c...
compiling eventDriven.c...
linking...
Program Size: Code=3840 RO-data=344 RW-data=48 ZI-data=552  
After Build - User command #1: fromelf --bin ".\obj\template.axf" --output ".\obj\template.bin"
After Build - User command #2: fromelf --text -c ".\obj\template.axf" --output ".\obj\template.txt"
".\obj\template.axf" - 0 Error(s), 0 Warning(s).

<h2>Software Packages used:</h2>

Package Vendor: ARM
                http://www.keil.com/pack/ARM.CMSIS.5.9.0.pack
                ARM.CMSIS.5.9.0
                CMSIS (Common Microcontroller Software Interface Standard)
   * Component: CORE Version: 5.6.0

Package Vendor: Nuvoton
                https://github.com/OpenNuvoton/cmsis-packs/raw/master/Nuvoton_DFP/Nuvoton.NuMicro_DFP.1.3.19.pack
                Nuvoton.NuMicro_DFP.1.3.19
                Nuvoton ARM Cortex-M NuMicro Family Device Support

<h2>Collection of Component include folders:</h2>
  .\RTE\_Main_Target
  C:\Users\bgrkr\AppData\Local\Arm\Packs\ARM\CMSIS\5.9.0\CMSIS\Core\Include
  C:\Users\bgrkr\AppData\Local\Arm\Packs\Nuvoton\NuMicro_DFP\1.3.19\Device\M031\Include

<h2>Collection of Component Files used:</h2>

   * Component: ARM::CMSIS:CORE:5.6.0
Build Time Elapsed:  00:00:07
</pre>
</body>
</html>
